TOK_DECIMAL : 10.500000
TOK_DECIMAL : 0.800000
TOK_DECIMAL : 0.000000
TOK_DECIMAL : 10.000000
TOK_DECIMAL : 100000.000000
TOK_DECIMAL : 100000.000000
TOK_DECIMAL : 50.000000
TOK_DECIMAL : 600.000000
TOK_DECIMAL : 0.010000
TOK_DECIMAL : 0.010000
TOK_DECIMAL : 150.000000
TOK_DECIMAL : 135.620000
TOK_DECIMAL : 180.000000
TOK_DECIMAL : 35.000000
TOK_DECIMAL : 0.008000
TOK_DECIMAL : 0.000300
TOK_DECIMAL : 10.500000
TOK_DECIMAL : 500.000000
TOK_DECIMAL : 30.000000
