TOK_INT : 27
TOK_ID : nazdar
ERROR
TOK_KEYWORD : else
ERROR
TOK_KEYWORD : while
ERROR
TOK_INT : 5
ERROR
ERROR
TOK_ID : abc
ERROR
ERROR
ERROR
ERROR
ERROR
TOK_STRING : breakpoint
ERROR
ERROR
ERROR
ERROR
ERROR
ERROR
