TOK_ID : id
TOK_ID : ID
TOK_ID : id1
TOK_ID : i1d
TOK_ID : i_d
TOK_ID : _id
TOK_ID : id__
TOK_ID : id_1
TOK_ID : _1id
TOK_ID : _id1
TOK_ID : iiiiiiiiiiiiiiiiiiiiiiiiiidddddddddddddddddddddddd
