TOK_INT : 123
TOK_INT : 456
TOK_INT : 7
TOK_INT : 90002
