ZADEJTE VELKE PISMENO: A is wrong input
B is wrong input
C is wrong input
D is wrong input
E is wrong input
F is wrong input
X