0x1.3ccccccccccccp+2
0x1.6466666666664p+3
0x1.c311999999993p+5
0x1.4p+1
