Vyskituje se x v zadanem textu? ANO
vyskytuje se na indexu 11
