SMALL
i is smaller
i is bigger
i is smaller
i is bigger
i is smaller
